core_cm7.h:1902:22:__NVIC_EnableIRQ	16	static
core_cm7.h:1993:22:__NVIC_ClearPendingIRQ	16	static
core_cm7.h:2032:22:__NVIC_SetPriority	16	static
fsl_clock.h:1138:20:CLOCK_SetMux	24	static
fsl_clock.h:1175:20:CLOCK_SetDiv	24	static
fsl_clock.h:1211:20:CLOCK_ControlGate	32	static
fsl_clock.h:1228:20:CLOCK_EnableClock	16	static
fsl_clock.h:1238:20:CLOCK_DisableClock	16	static
fsl_common.h:747:28:EnableIRQ	24	static
eiq_display_conf.c:65:13:BOARD_InitLcdifPixelClock	16	static
eiq_display_conf.c:99:13:BOARD_InitLcd	16	static
eiq_display_conf.c:131:6:LCDIF_IRQHandler	8	static
eiq_display_conf.c:137:10:BOARD_PrepareDisplayController	8	static
eiq_display_conf.c:145:6:BOARD_ResetDisplayMix	4	static
