gthr-default.h:229:1:int __gthread_key_delete(__gthread_key_t)	16	static
hashtable_policy.h:218:5:std::__detail::_Hash_node_base::_Hash_node_base()	16	static
hashtable_policy.h:449:5:std::__detail::_Prime_rehash_policy::_Prime_rehash_policy(float)	16	static
subgraph.h:145:17:TfLiteTensor* tflite::impl::Subgraph::tensor(int)	16	static
type_to_tflitetype.h:38:22:constexpr TfLiteType tflite::typeToTfLiteType() [with T = int]	4	static
type_to_tflitetype.h:60:22:constexpr TfLiteType tflite::typeToTfLiteType() [with T = unsigned char]	4	static
interpreter.h:170:23:TfLiteStatus tflite::impl::Interpreter::SetTensorParametersReadWrite(int, TfLiteType, const char*, const std::vector<int>&, TfLiteQuantizationParams, bool, const std::vector<int>*)	80	static
interpreter.h:238:17:TfLiteTensor* tflite::impl::Interpreter::tensor(int)	16	static
interpreter.h:523:13:tflite::impl::Subgraph& tflite::impl::Interpreter::primary_subgraph()	16	static
op_resolver.h:35:11:tflite::OpResolver::~OpResolver()	16	static
op_resolver.h:35:11:virtual tflite::OpResolver::~OpResolver()	16	static
op_resolver.h:27:7:constexpr tflite::OpResolver::OpResolver()	16	static
hashtable_policy.h:1096:7:std::__detail::_Hashtable_ebo_helper<_Nm, _Tp, true>::_Hashtable_ebo_helper() [with int _Nm = 0; _Tp = std::allocator<std::__detail::_Hash_node<std::pair<const std::pair<tflite::BuiltinOperator, int>, TfLiteRegistration>, true> >]	16	static
hashtable_policy.h:1093:12:std::__detail::_Hashtable_ebo_helper<0, std::allocator<std::__detail::_Hash_node<std::pair<const std::pair<tflite::BuiltinOperator, int>, TfLiteRegistration>, true> >, true>::~_Hashtable_ebo_helper()	16	static
hashtable_policy.h:2036:7:std::__detail::_Hashtable_alloc<_NodeAlloc>::_Hashtable_alloc() [with _NodeAlloc = std::allocator<std::__detail::_Hash_node<std::pair<const std::pair<tflite::BuiltinOperator, int>, TfLiteRegistration>, true> >]	16	static
hashtable_policy.h:2017:12:std::__detail::_Hashtable_alloc<std::allocator<std::__detail::_Hash_node<std::pair<const std::pair<tflite::BuiltinOperator, int>, TfLiteRegistration>, true> > >::~_Hashtable_alloc()	16	static
hashtable.h:414:7:std::_Hashtable<_Key, _Value, _Alloc, _ExtractKey, _Equal, _H1, _H2, _Hash, _RehashPolicy, _Traits>::_Hashtable() [with _Key = std::pair<tflite::BuiltinOperator, int>; _Value = std::pair<const std::pair<tflite::BuiltinOperator, int>, TfLiteRegistration>; _Alloc = std::allocator<std::pair<const std::pair<tflite::BuiltinOperator, int>, TfLiteRegistration> >; _ExtractKey = std::__detail::_Select1st; _Equal = std::equal_to<std::pair<tflite::BuiltinOperator, int> >; _H1 = tflite::op_resolver_hasher::OperatorKeyHasher<std::pair<tflite::BuiltinOperator, int> >; _H2 = std::__detail::_Mod_range_hashing; _Hash = std::__detail::_Default_ranged_hash; _RehashPolicy = std::__detail::_Prime_rehash_policy; _Traits = std::__detail::_Hashtable_traits<true, false, true>]	16	static
unordered_map.h:141:7:std::unordered_map<_Key, _Tp, _Hash, _Pred, _Alloc>::unordered_map() [with _Key = std::pair<tflite::BuiltinOperator, int>; _Tp = TfLiteRegistration; _Hash = tflite::op_resolver_hasher::OperatorKeyHasher<std::pair<tflite::BuiltinOperator, int> >; _Pred = std::equal_to<std::pair<tflite::BuiltinOperator, int> >; _Alloc = std::allocator<std::pair<const std::pair<tflite::BuiltinOperator, int>, TfLiteRegistration> >]	16	static
unordered_map.h:102:11:std::unordered_map<std::pair<tflite::BuiltinOperator, int>, TfLiteRegistration, tflite::op_resolver_hasher::OperatorKeyHasher<std::pair<tflite::BuiltinOperator, int> > >::~unordered_map()	16	static
hashtable_policy.h:1096:7:std::__detail::_Hashtable_ebo_helper<_Nm, _Tp, true>::_Hashtable_ebo_helper() [with int _Nm = 0; _Tp = std::allocator<std::__detail::_Hash_node<std::pair<const std::pair<std::__cxx11::basic_string<char>, int>, TfLiteRegistration>, true> >]	16	static
hashtable_policy.h:1093:12:std::__detail::_Hashtable_ebo_helper<0, std::allocator<std::__detail::_Hash_node<std::pair<const std::pair<std::__cxx11::basic_string<char>, int>, TfLiteRegistration>, true> >, true>::~_Hashtable_ebo_helper()	16	static
hashtable_policy.h:2036:7:std::__detail::_Hashtable_alloc<_NodeAlloc>::_Hashtable_alloc() [with _NodeAlloc = std::allocator<std::__detail::_Hash_node<std::pair<const std::pair<std::__cxx11::basic_string<char>, int>, TfLiteRegistration>, true> >]	16	static
hashtable_policy.h:2017:12:std::__detail::_Hashtable_alloc<std::allocator<std::__detail::_Hash_node<std::pair<const std::pair<std::__cxx11::basic_string<char>, int>, TfLiteRegistration>, true> > >::~_Hashtable_alloc()	16	static
hashtable.h:414:7:std::_Hashtable<_Key, _Value, _Alloc, _ExtractKey, _Equal, _H1, _H2, _Hash, _RehashPolicy, _Traits>::_Hashtable() [with _Key = std::pair<std::__cxx11::basic_string<char>, int>; _Value = std::pair<const std::pair<std::__cxx11::basic_string<char>, int>, TfLiteRegistration>; _Alloc = std::allocator<std::pair<const std::pair<std::__cxx11::basic_string<char>, int>, TfLiteRegistration> >; _ExtractKey = std::__detail::_Select1st; _Equal = std::equal_to<std::pair<std::__cxx11::basic_string<char>, int> >; _H1 = tflite::op_resolver_hasher::OperatorKeyHasher<std::pair<std::__cxx11::basic_string<char>, int> >; _H2 = std::__detail::_Mod_range_hashing; _Hash = std::__detail::_Default_ranged_hash; _RehashPolicy = std::__detail::_Prime_rehash_policy; _Traits = std::__detail::_Hashtable_traits<true, false, true>]	16	static
unordered_map.h:141:7:std::unordered_map<_Key, _Tp, _Hash, _Pred, _Alloc>::unordered_map() [with _Key = std::pair<std::__cxx11::basic_string<char>, int>; _Tp = TfLiteRegistration; _Hash = tflite::op_resolver_hasher::OperatorKeyHasher<std::pair<std::__cxx11::basic_string<char>, int> >; _Pred = std::equal_to<std::pair<std::__cxx11::basic_string<char>, int> >; _Alloc = std::allocator<std::pair<const std::pair<std::__cxx11::basic_string<char>, int>, TfLiteRegistration> >]	16	static
unordered_map.h:102:11:std::unordered_map<std::pair<std::__cxx11::basic_string<char>, int>, TfLiteRegistration, tflite::op_resolver_hasher::OperatorKeyHasher<std::pair<std::__cxx11::basic_string<char>, int> > >::~unordered_map()	16	static
mutable_op_resolver.h:57:7:tflite::MutableOpResolver::MutableOpResolver()	16	static
image_resize_bilinear_model.cpp:31:6:void IMAGE_Resize(uint8_t*, int, int, uint8_t*, int, int, int)	392	static
stl_algobase.h:198:5:const _Tp& std::min(const _Tp&, const _Tp&) [with _Tp = unsigned int]	16	static
stl_vector.h:915:7:std::vector<_Tp, _Alloc>::size_type std::vector<_Tp, _Alloc>::size() const [with _Tp = int; _Alloc = std::allocator<int>]	16	static
stl_vector.h:1169:7:const _Tp* std::vector<_Tp, _Alloc>::data() const [with _Tp = int; _Alloc = std::allocator<int>]	16	static
unique_ptr.h:344:7:typename std::add_lvalue_reference<_Tp>::type std::unique_ptr<_Tp, _Dp>::operator*() const [with _Tp = tflite::impl::Subgraph; _Dp = std::default_delete<tflite::impl::Subgraph>]	16	static
stl_vector.h:1118:7:std::vector<_Tp, _Alloc>::reference std::vector<_Tp, _Alloc>::front() [with _Tp = std::unique_ptr<tflite::impl::Subgraph>; _Alloc = std::allocator<std::unique_ptr<tflite::impl::Subgraph> >]	24	static
unique_ptr.h:286:7:std::unique_ptr<_Tp, _Dp>::~unique_ptr() [with _Tp = tflite::impl::Interpreter; _Dp = std::default_delete<tflite::impl::Interpreter>]	32	static
unique_ptr.h:374:16:std::unique_ptr<_Tp, _Dp>::operator bool() const [with _Tp = tflite::impl::Interpreter; _Dp = std::default_delete<tflite::impl::Interpreter>]	16	static
unique_ptr.h:395:7:void std::unique_ptr<_Tp, _Dp>::reset(std::unique_ptr<_Tp, _Dp>::pointer) [with _Tp = tflite::impl::Interpreter; _Dp = std::default_delete<tflite::impl::Interpreter>]	24	static
unique_ptr.h:352:7:std::unique_ptr<_Tp, _Dp>::pointer std::unique_ptr<_Tp, _Dp>::operator->() const [with _Tp = tflite::impl::Interpreter; _Dp = std::default_delete<tflite::impl::Interpreter>]	16	static
allocator.h:138:7:std::allocator< <template-parameter-1-1> >::allocator() [with _Tp = int]	16	static
allocator.h:153:7:std::allocator< <template-parameter-1-1> >::~allocator() [with _Tp = int]	16	static
stl_vector.h:622:7:std::vector<_Tp, _Alloc>::vector(std::initializer_list<_Tp>, const allocator_type&) [with _Tp = int; _Alloc = std::allocator<int>]	40	static
stl_vector.h:675:7:std::vector<_Tp, _Alloc>::~vector() [with _Tp = int; _Alloc = std::allocator<int>]	24	static
allocator.h:138:7:std::allocator< <template-parameter-1-1> >::allocator() [with _Tp = std::__detail::_Hash_node<std::pair<const std::pair<tflite::BuiltinOperator, int>, TfLiteRegistration>, true>]	16	static
allocator.h:153:7:std::allocator< <template-parameter-1-1> >::~allocator() [with _Tp = std::__detail::_Hash_node<std::pair<const std::pair<tflite::BuiltinOperator, int>, TfLiteRegistration>, true>]	16	static
hashtable.h:1348:5:std::_Hashtable<_Key, _Value, _Alloc, _ExtractKey, _Equal, _H1, _H2, _Hash, _RehashPolicy, _Traits>::~_Hashtable() [with _Key = std::pair<tflite::BuiltinOperator, int>; _Value = std::pair<const std::pair<tflite::BuiltinOperator, int>, TfLiteRegistration>; _Alloc = std::allocator<std::pair<const std::pair<tflite::BuiltinOperator, int>, TfLiteRegistration> >; _ExtractKey = std::__detail::_Select1st; _Equal = std::equal_to<std::pair<tflite::BuiltinOperator, int> >; _H1 = tflite::op_resolver_hasher::OperatorKeyHasher<std::pair<tflite::BuiltinOperator, int> >; _H2 = std::__detail::_Mod_range_hashing; _Hash = std::__detail::_Default_ranged_hash; _RehashPolicy = std::__detail::_Prime_rehash_policy; _Traits = std::__detail::_Hashtable_traits<true, false, true>]	16	static
allocator.h:138:7:std::allocator< <template-parameter-1-1> >::allocator() [with _Tp = std::__detail::_Hash_node<std::pair<const std::pair<std::__cxx11::basic_string<char>, int>, TfLiteRegistration>, true>]	16	static
allocator.h:153:7:std::allocator< <template-parameter-1-1> >::~allocator() [with _Tp = std::__detail::_Hash_node<std::pair<const std::pair<std::__cxx11::basic_string<char>, int>, TfLiteRegistration>, true>]	16	static
hashtable.h:1348:5:std::_Hashtable<_Key, _Value, _Alloc, _ExtractKey, _Equal, _H1, _H2, _Hash, _RehashPolicy, _Traits>::~_Hashtable() [with _Key = std::pair<std::__cxx11::basic_string<char>, int>; _Value = std::pair<const std::pair<std::__cxx11::basic_string<char>, int>, TfLiteRegistration>; _Alloc = std::allocator<std::pair<const std::pair<std::__cxx11::basic_string<char>, int>, TfLiteRegistration> >; _ExtractKey = std::__detail::_Select1st; _Equal = std::equal_to<std::pair<std::__cxx11::basic_string<char>, int> >; _H1 = tflite::op_resolver_hasher::OperatorKeyHasher<std::pair<std::__cxx11::basic_string<char>, int> >; _H2 = std::__detail::_Mod_range_hashing; _Hash = std::__detail::_Default_ranged_hash; _RehashPolicy = std::__detail::_Prime_rehash_policy; _Traits = std::__detail::_Hashtable_traits<true, false, true>]	16	static
interpreter.h:257:6:T* tflite::impl::Interpreter::typed_tensor(int) [with T = unsigned char]	32	static
interpreter.h:257:6:T* tflite::impl::Interpreter::typed_tensor(int) [with T = int]	32	static
stl_vector.h:1840:2:_Up* std::vector<_Tp, _Alloc>::_M_data_ptr(_Up*) const [with _Up = int; _Tp = int; _Alloc = std::allocator<int>]	16	static
unique_ptr.h:360:7:std::unique_ptr<_Tp, _Dp>::pointer std::unique_ptr<_Tp, _Dp>::get() const [with _Tp = tflite::impl::Subgraph; _Dp = std::default_delete<tflite::impl::Subgraph>]	16	static
stl_vector.h:808:7:std::vector<_Tp, _Alloc>::iterator std::vector<_Tp, _Alloc>::begin() [with _Tp = std::unique_ptr<tflite::impl::Subgraph>; _Alloc = std::allocator<std::unique_ptr<tflite::impl::Subgraph> >]	24	static
stl_iterator.h:819:7:__gnu_cxx::__normal_iterator<_Iterator, _Container>::reference __gnu_cxx::__normal_iterator<_Iterator, _Container>::operator*() const [with _Iterator = std::unique_ptr<tflite::impl::Subgraph>*; _Container = std::vector<std::unique_ptr<tflite::impl::Subgraph> >]	16	static
unique_ptr.h:153:18:std::__uniq_ptr_impl<_Tp, _Dp>::pointer& std::__uniq_ptr_impl<_Tp, _Dp>::_M_ptr() [with _Tp = tflite::impl::Interpreter; _Dp = std::default_delete<tflite::impl::Interpreter>]	16	static
unique_ptr.h:365:7:std::unique_ptr<_Tp, _Dp>::deleter_type& std::unique_ptr<_Tp, _Dp>::get_deleter() [with _Tp = tflite::impl::Interpreter; _Dp = std::default_delete<tflite::impl::Interpreter>]	16	static
move.h:99:5:constexpr typename std::remove_reference<_Tp>::type&& std::move(_Tp&&) [with _Tp = tflite::impl::Interpreter*&]	16	static
unique_ptr.h:75:7:void std::default_delete<_Tp>::operator()(_Tp*) const [with _Tp = tflite::impl::Interpreter]	24	static
unique_ptr.h:360:7:std::unique_ptr<_Tp, _Dp>::pointer std::unique_ptr<_Tp, _Dp>::get() const [with _Tp = tflite::impl::Interpreter; _Dp = std::default_delete<tflite::impl::Interpreter>]	16	static
move.h:182:5:typename std::enable_if<std::__and_<std::__not_<std::__is_tuple_like<_Tp> >, std::is_move_constructible<_Tp>, std::is_move_assignable<_Tp> >::value>::type std::swap(_Tp&, _Tp&) [with _Tp = tflite::impl::Interpreter*]	24	static
new_allocator.h:80:7:__gnu_cxx::new_allocator<_Tp>::new_allocator() [with _Tp = int]	16	static
new_allocator.h:89:7:__gnu_cxx::new_allocator<_Tp>::~new_allocator() [with _Tp = int]	16	static
stl_vector.h:125:14:std::_Vector_base<int, std::allocator<int> >::_Vector_impl::~_Vector_impl()	16	static
stl_vector.h:290:7:std::_Vector_base<_Tp, _Alloc>::_Vector_base(const allocator_type&) [with _Tp = int; _Alloc = std::allocator<int>]	16	static
stl_vector.h:330:7:std::_Vector_base<_Tp, _Alloc>::~_Vector_base() [with _Tp = int; _Alloc = std::allocator<int>]	16	static
initializer_list:75:7:constexpr const _E* std::initializer_list<_E>::begin() const [with _E = int]	16	static
initializer_list:79:7:constexpr const _E* std::initializer_list<_E>::end() const [with _E = int]	24	static
stl_vector.h:1574:2:void std::vector<_Tp, _Alloc>::_M_range_initialize(_ForwardIterator, _ForwardIterator, std::forward_iterator_tag) [with _ForwardIterator = const int*; _Tp = int; _Alloc = std::allocator<int>]	40	static
stl_vector.h:273:7:std::_Vector_base<_Tp, _Alloc>::_Tp_alloc_type& std::_Vector_base<_Tp, _Alloc>::_M_get_Tp_allocator() [with _Tp = int; _Alloc = std::allocator<int>]	16	static
stl_construct.h:203:5:void std::_Destroy(_ForwardIterator, _ForwardIterator, std::allocator<_T2>&) [with _ForwardIterator = int*; _Tp = int]	24	static
new_allocator.h:80:7:__gnu_cxx::new_allocator<_Tp>::new_allocator() [with _Tp = std::__detail::_Hash_node<std::pair<const std::pair<tflite::BuiltinOperator, int>, TfLiteRegistration>, true>]	16	static
new_allocator.h:89:7:__gnu_cxx::new_allocator<_Tp>::~new_allocator() [with _Tp = std::__detail::_Hash_node<std::pair<const std::pair<tflite::BuiltinOperator, int>, TfLiteRegistration>, true>]	16	static
hashtable.h:2024:5:void std::_Hashtable<_Key, _Value, _Alloc, _ExtractKey, _Equal, _H1, _H2, _Hash, _RehashPolicy, _Traits>::clear() [with _Key = std::pair<tflite::BuiltinOperator, int>; _Value = std::pair<const std::pair<tflite::BuiltinOperator, int>, TfLiteRegistration>; _Alloc = std::allocator<std::pair<const std::pair<tflite::BuiltinOperator, int>, TfLiteRegistration> >; _ExtractKey = std::__detail::_Select1st; _Equal = std::equal_to<std::pair<tflite::BuiltinOperator, int> >; _H1 = tflite::op_resolver_hasher::OperatorKeyHasher<std::pair<tflite::BuiltinOperator, int> >; _H2 = std::__detail::_Mod_range_hashing; _Hash = std::__detail::_Default_ranged_hash; _RehashPolicy = std::__detail::_Prime_rehash_policy; _Traits = std::__detail::_Hashtable_traits<true, false, true>]	16	static
hashtable.h:374:7:void std::_Hashtable<_Key, _Value, _Alloc, _ExtractKey, _Equal, _H1, _H2, _Hash, _RehashPolicy, _Traits>::_M_deallocate_buckets() [with _Key = std::pair<tflite::BuiltinOperator, int>; _Value = std::pair<const std::pair<tflite::BuiltinOperator, int>, TfLiteRegistration>; _Alloc = std::allocator<std::pair<const std::pair<tflite::BuiltinOperator, int>, TfLiteRegistration> >; _ExtractKey = std::__detail::_Select1st; _Equal = std::equal_to<std::pair<tflite::BuiltinOperator, int> >; _H1 = tflite::op_resolver_hasher::OperatorKeyHasher<std::pair<tflite::BuiltinOperator, int> >; _H2 = std::__detail::_Mod_range_hashing; _Hash = std::__detail::_Default_ranged_hash; _RehashPolicy = std::__detail::_Prime_rehash_policy; _Traits = std::__detail::_Hashtable_traits<true, false, true>]	16	static
new_allocator.h:80:7:__gnu_cxx::new_allocator<_Tp>::new_allocator() [with _Tp = std::__detail::_Hash_node<std::pair<const std::pair<std::__cxx11::basic_string<char>, int>, TfLiteRegistration>, true>]	16	static
new_allocator.h:89:7:__gnu_cxx::new_allocator<_Tp>::~new_allocator() [with _Tp = std::__detail::_Hash_node<std::pair<const std::pair<std::__cxx11::basic_string<char>, int>, TfLiteRegistration>, true>]	16	static
hashtable.h:2024:5:void std::_Hashtable<_Key, _Value, _Alloc, _ExtractKey, _Equal, _H1, _H2, _Hash, _RehashPolicy, _Traits>::clear() [with _Key = std::pair<std::__cxx11::basic_string<char>, int>; _Value = std::pair<const std::pair<std::__cxx11::basic_string<char>, int>, TfLiteRegistration>; _Alloc = std::allocator<std::pair<const std::pair<std::__cxx11::basic_string<char>, int>, TfLiteRegistration> >; _ExtractKey = std::__detail::_Select1st; _Equal = std::equal_to<std::pair<std::__cxx11::basic_string<char>, int> >; _H1 = tflite::op_resolver_hasher::OperatorKeyHasher<std::pair<std::__cxx11::basic_string<char>, int> >; _H2 = std::__detail::_Mod_range_hashing; _Hash = std::__detail::_Default_ranged_hash; _RehashPolicy = std::__detail::_Prime_rehash_policy; _Traits = std::__detail::_Hashtable_traits<true, false, true>]	16	static
hashtable.h:374:7:void std::_Hashtable<_Key, _Value, _Alloc, _ExtractKey, _Equal, _H1, _H2, _Hash, _RehashPolicy, _Traits>::_M_deallocate_buckets() [with _Key = std::pair<std::__cxx11::basic_string<char>, int>; _Value = std::pair<const std::pair<std::__cxx11::basic_string<char>, int>, TfLiteRegistration>; _Alloc = std::allocator<std::pair<const std::pair<std::__cxx11::basic_string<char>, int>, TfLiteRegistration> >; _ExtractKey = std::__detail::_Select1st; _Equal = std::equal_to<std::pair<std::__cxx11::basic_string<char>, int> >; _H1 = tflite::op_resolver_hasher::OperatorKeyHasher<std::pair<std::__cxx11::basic_string<char>, int> >; _H2 = std::__detail::_Mod_range_hashing; _Hash = std::__detail::_Default_ranged_hash; _RehashPolicy = std::__detail::_Prime_rehash_policy; _Traits = std::__detail::_Hashtable_traits<true, false, true>]	16	static
unique_ptr.h:154:18:std::__uniq_ptr_impl<_Tp, _Dp>::pointer std::__uniq_ptr_impl<_Tp, _Dp>::_M_ptr() const [with _Tp = tflite::impl::Subgraph; _Dp = std::default_delete<tflite::impl::Subgraph>]	16	static
stl_iterator.h:806:7:__gnu_cxx::__normal_iterator<_Iterator, _Container>::__normal_iterator(const _Iterator&) [with _Iterator = std::unique_ptr<tflite::impl::Subgraph>*; _Container = std::vector<std::unique_ptr<tflite::impl::Subgraph> >]	16	static
tuple:1320:5:>&) [with unsigned int __i = 0; _Elements = {tflite::impl::Interpreter*, std::default_delete<tflite::impl::Interpreter>}]	16	static
unique_ptr.h:155:18:_Dp& std::__uniq_ptr_impl<_Tp, _Dp>::_M_deleter() [with _Tp = tflite::impl::Interpreter; _Dp = std::default_delete<tflite::impl::Interpreter>]	16	static
unique_ptr.h:154:18:std::__uniq_ptr_impl<_Tp, _Dp>::pointer std::__uniq_ptr_impl<_Tp, _Dp>::_M_ptr() const [with _Tp = tflite::impl::Interpreter; _Dp = std::default_delete<tflite::impl::Interpreter>]	16	static
stl_vector.h:133:2:std::_Vector_base<_Tp, _Alloc>::_Vector_impl::_Vector_impl(const _Tp_alloc_type&) [with _Tp = int; _Alloc = std::allocator<int>]	16	static
stl_vector.h:347:7:void std::_Vector_base<_Tp, _Alloc>::_M_deallocate(std::_Vector_base<_Tp, _Alloc>::pointer, std::size_t) [with _Tp = int; _Alloc = std::allocator<int>]	24	static
initializer_list:71:7:constexpr std::initializer_list<_E>::size_type std::initializer_list<_E>::size() const [with _E = int]	16	static
stl_iterator_base_funcs.h:138:5:typename std::iterator_traits<_Iterator>::difference_type std::distance(_InputIterator, _InputIterator) [with _InputIterator = const int*]	32	static
stl_vector.h:1764:7:static std::vector<_Tp, _Alloc>::size_type std::vector<_Tp, _Alloc>::_S_check_init_len(std::vector<_Tp, _Alloc>::size_type, const allocator_type&) [with _Tp = int; _Alloc = std::allocator<int>]	32	static
stl_vector.h:340:7:std::_Vector_base<_Tp, _Alloc>::pointer std::_Vector_base<_Tp, _Alloc>::_M_allocate(std::size_t) [with _Tp = int; _Alloc = std::allocator<int>]	16	static
stl_uninitialized.h:305:5:_ForwardIterator std::__uninitialized_copy_a(_InputIterator, _InputIterator, _ForwardIterator, std::allocator<_Tp>&) [with _InputIterator = const int*; _ForwardIterator = int*; _Tp = int]	24	static
stl_construct.h:127:5:void std::_Destroy(_ForwardIterator, _ForwardIterator) [with _ForwardIterator = int*]	16	static
hashtable.h:383:7:std::_Hashtable<_Key, _Value, _Alloc, _ExtractKey, _Equal, _H1, _H2, _Hash, _RehashPolicy, _Traits>::__node_type* std::_Hashtable<_Key, _Value, _Alloc, _ExtractKey, _Equal, _H1, _H2, _Hash, _RehashPolicy, _Traits>::_M_begin() const [with _Key = std::pair<tflite::BuiltinOperator, int>; _Value = std::pair<const std::pair<tflite::BuiltinOperator, int>, TfLiteRegistration>; _Alloc = std::allocator<std::pair<const std::pair<tflite::BuiltinOperator, int>, TfLiteRegistration> >; _ExtractKey = std::__detail::_Select1st; _Equal = std::equal_to<std::pair<tflite::BuiltinOperator, int> >; _H1 = tflite::op_resolver_hasher::OperatorKeyHasher<std::pair<tflite::BuiltinOperator, int> >; _H2 = std::__detail::_Mod_range_hashing; _Hash = std::__detail::_Default_ranged_hash; _RehashPolicy = std::__detail::_Prime_rehash_policy; _Traits = std::__detail::_Hashtable_traits<true, false, true>]	16	static
hashtable_policy.h:2118:5:void std::__detail::_Hashtable_alloc<_NodeAlloc>::_M_deallocate_nodes(std::__detail::_Hashtable_alloc<_NodeAlloc>::__node_type*) [with _NodeAlloc = std::allocator<std::__detail::_Hash_node<std::pair<const std::pair<tflite::BuiltinOperator, int>, TfLiteRegistration>, true> >]	24	static
hashtable.h:365:7:void std::_Hashtable<_Key, _Value, _Alloc, _ExtractKey, _Equal, _H1, _H2, _Hash, _RehashPolicy, _Traits>::_M_deallocate_buckets(std::_Hashtable<_Key, _Value, _Alloc, _ExtractKey, _Equal, _H1, _H2, _Hash, _RehashPolicy, _Traits>::__bucket_type*, std::_Hashtable<_Key, _Value, _Alloc, _ExtractKey, _Equal, _H1, _H2, _Hash, _RehashPolicy, _Traits>::size_type) [with _Key = std::pair<tflite::BuiltinOperator, int>; _Value = std::pair<const std::pair<tflite::BuiltinOperator, int>, TfLiteRegistration>; _Alloc = std::allocator<std::pair<const std::pair<tflite::BuiltinOperator, int>, TfLiteRegistration> >; _ExtractKey = std::__detail::_Select1st; _Equal = std::equal_to<std::pair<tflite::BuiltinOperator, int> >; _H1 = tflite::op_resolver_hasher::OperatorKeyHasher<std::pair<tflite::BuiltinOperator, int> >; _H2 = std::__detail::_Mod_range_hashing; _Hash = std::__detail::_Default_ranged_hash; _RehashPolicy = std::__detail::_Prime_rehash_policy; _Traits = std::__detail::_Hashtable_traits<true, false, true>]	24	static
hashtable.h:383:7:std::_Hashtable<_Key, _Value, _Alloc, _ExtractKey, _Equal, _H1, _H2, _Hash, _RehashPolicy, _Traits>::__node_type* std::_Hashtable<_Key, _Value, _Alloc, _ExtractKey, _Equal, _H1, _H2, _Hash, _RehashPolicy, _Traits>::_M_begin() const [with _Key = std::pair<std::__cxx11::basic_string<char>, int>; _Value = std::pair<const std::pair<std::__cxx11::basic_string<char>, int>, TfLiteRegistration>; _Alloc = std::allocator<std::pair<const std::pair<std::__cxx11::basic_string<char>, int>, TfLiteRegistration> >; _ExtractKey = std::__detail::_Select1st; _Equal = std::equal_to<std::pair<std::__cxx11::basic_string<char>, int> >; _H1 = tflite::op_resolver_hasher::OperatorKeyHasher<std::pair<std::__cxx11::basic_string<char>, int> >; _H2 = std::__detail::_Mod_range_hashing; _Hash = std::__detail::_Default_ranged_hash; _RehashPolicy = std::__detail::_Prime_rehash_policy; _Traits = std::__detail::_Hashtable_traits<true, false, true>]	16	static
hashtable_policy.h:2118:5:void std::__detail::_Hashtable_alloc<_NodeAlloc>::_M_deallocate_nodes(std::__detail::_Hashtable_alloc<_NodeAlloc>::__node_type*) [with _NodeAlloc = std::allocator<std::__detail::_Hash_node<std::pair<const std::pair<std::__cxx11::basic_string<char>, int>, TfLiteRegistration>, true> >]	24	static
hashtable.h:365:7:void std::_Hashtable<_Key, _Value, _Alloc, _ExtractKey, _Equal, _H1, _H2, _Hash, _RehashPolicy, _Traits>::_M_deallocate_buckets(std::_Hashtable<_Key, _Value, _Alloc, _ExtractKey, _Equal, _H1, _H2, _Hash, _RehashPolicy, _Traits>::__bucket_type*, std::_Hashtable<_Key, _Value, _Alloc, _ExtractKey, _Equal, _H1, _H2, _Hash, _RehashPolicy, _Traits>::size_type) [with _Key = std::pair<std::__cxx11::basic_string<char>, int>; _Value = std::pair<const std::pair<std::__cxx11::basic_string<char>, int>, TfLiteRegistration>; _Alloc = std::allocator<std::pair<const std::pair<std::__cxx11::basic_string<char>, int>, TfLiteRegistration> >; _ExtractKey = std::__detail::_Select1st; _Equal = std::equal_to<std::pair<std::__cxx11::basic_string<char>, int> >; _H1 = tflite::op_resolver_hasher::OperatorKeyHasher<std::pair<std::__cxx11::basic_string<char>, int> >; _H2 = std::__detail::_Mod_range_hashing; _Hash = std::__detail::_Default_ranged_hash; _RehashPolicy = std::__detail::_Prime_rehash_policy; _Traits = std::__detail::_Hashtable_traits<true, false, true>]	24	static
tuple:1326:5:>&) [with unsigned int __i = 0; _Elements = {tflite::impl::Subgraph*, std::default_delete<tflite::impl::Subgraph>}]	16	static
tuple:1309:5:>&) [with unsigned int __i = 0; _Head = tflite::impl::Interpreter*; _Tail = {std::default_delete<tflite::impl::Interpreter>}]	16	static
tuple:1320:5:>&) [with unsigned int __i = 1; _Elements = {tflite::impl::Interpreter*, std::default_delete<tflite::impl::Interpreter>}]	16	static
tuple:1326:5:>&) [with unsigned int __i = 0; _Elements = {tflite::impl::Interpreter*, std::default_delete<tflite::impl::Interpreter>}]	16	static
allocator.h:141:7:std::allocator< <template-parameter-1-1> >::allocator(const std::allocator< <template-parameter-1-1> >&) [with _Tp = int]	16	static
stl_vector.h:94:2:std::_Vector_base<_Tp, _Alloc>::_Vector_impl_data::_Vector_impl_data() [with _Tp = int; _Alloc = std::allocator<int>]	16	static
alloc_traits.h:469:7:static void std::allocator_traits<std::allocator<_CharT> >::deallocate(std::allocator_traits<std::allocator<_CharT> >::allocator_type&, std::allocator_traits<std::allocator<_CharT> >::pointer, std::allocator_traits<std::allocator<_CharT> >::size_type) [with _Tp = int]	24	static
stl_iterator_base_types.h:205:5:constexpr typename std::iterator_traits<_Iterator>::iterator_category std::__iterator_category(const _Iter&) [with _Iter = const int*]	16	static
stl_iterator_base_funcs.h:98:5:typename std::iterator_traits<_Iterator>::difference_type std::__distance(_RandomAccessIterator, _RandomAccessIterator, std::random_access_iterator_tag) [with _RandomAccessIterator = const int*]	24	static
stl_vector.h:1773:7:static std::vector<_Tp, _Alloc>::size_type std::vector<_Tp, _Alloc>::_S_max_size(const _Tp_alloc_type&) [with _Tp = int; _Alloc = std::allocator<int>]	24	static
alloc_traits.h:443:7:static _Tp* std::allocator_traits<std::allocator<_CharT> >::allocate(std::allocator_traits<std::allocator<_CharT> >::allocator_type&, std::allocator_traits<std::allocator<_CharT> >::size_type) [with _Tp = int]	16	static
stl_uninitialized.h:115:5:_ForwardIterator std::uninitialized_copy(_InputIterator, _InputIterator, _ForwardIterator) [with _InputIterator = const int*; _ForwardIterator = int*]	32	static
stl_construct.h:117:9:static void std::_Destroy_aux<true>::__destroy(_ForwardIterator, _ForwardIterator) [with _ForwardIterator = int*]	16	static
hashtable_policy.h:269:7:std::__detail::_Hash_node<_Value, true>* std::__detail::_Hash_node<_Value, true>::_M_next() const [with _Value = std::pair<const std::pair<tflite::BuiltinOperator, int>, TfLiteRegistration>]	16	static
hashtable_policy.h:2100:5:void std::__detail::_Hashtable_alloc<_NodeAlloc>::_M_deallocate_node(std::__detail::_Hashtable_alloc<_NodeAlloc>::__node_type*) [with _NodeAlloc = std::allocator<std::__detail::_Hash_node<std::pair<const std::pair<tflite::BuiltinOperator, int>, TfLiteRegistration>, true> >]	24	static
hashtable.h:342:7:bool std::_Hashtable<_Key, _Value, _Alloc, _ExtractKey, _Equal, _H1, _H2, _Hash, _RehashPolicy, _Traits>::_M_uses_single_bucket(std::_Hashtable<_Key, _Value, _Alloc, _ExtractKey, _Equal, _H1, _H2, _Hash, _RehashPolicy, _Traits>::__bucket_type*) const [with _Key = std::pair<tflite::BuiltinOperator, int>; _Value = std::pair<const std::pair<tflite::BuiltinOperator, int>, TfLiteRegistration>; _Alloc = std::allocator<std::pair<const std::pair<tflite::BuiltinOperator, int>, TfLiteRegistration> >; _ExtractKey = std::__detail::_Select1st; _Equal = std::equal_to<std::pair<tflite::BuiltinOperator, int> >; _H1 = tflite::op_resolver_hasher::OperatorKeyHasher<std::pair<tflite::BuiltinOperator, int> >; _H2 = std::__detail::_Mod_range_hashing; _Hash = std::__detail::_Default_ranged_hash; _RehashPolicy = std::__detail::_Prime_rehash_policy; _Traits = std::__detail::_Hashtable_traits<true, false, true>]	16	static
hashtable_policy.h:2142:5:void std::__detail::_Hashtable_alloc<_NodeAlloc>::_M_deallocate_buckets(std::__detail::_Hashtable_alloc<_NodeAlloc>::__node_base**, std::size_t) [with _NodeAlloc = std::allocator<std::__detail::_Hash_node<std::pair<const std::pair<tflite::BuiltinOperator, int>, TfLiteRegistration>, true> >]	32	static
hashtable_policy.h:269:7:std::__detail::_Hash_node<_Value, true>* std::__detail::_Hash_node<_Value, true>::_M_next() const [with _Value = std::pair<const std::pair<std::__cxx11::basic_string<char>, int>, TfLiteRegistration>]	16	static
hashtable_policy.h:2100:5:void std::__detail::_Hashtable_alloc<_NodeAlloc>::_M_deallocate_node(std::__detail::_Hashtable_alloc<_NodeAlloc>::__node_type*) [with _NodeAlloc = std::allocator<std::__detail::_Hash_node<std::pair<const std::pair<std::__cxx11::basic_string<char>, int>, TfLiteRegistration>, true> >]	24	static
hashtable.h:342:7:bool std::_Hashtable<_Key, _Value, _Alloc, _ExtractKey, _Equal, _H1, _H2, _Hash, _RehashPolicy, _Traits>::_M_uses_single_bucket(std::_Hashtable<_Key, _Value, _Alloc, _ExtractKey, _Equal, _H1, _H2, _Hash, _RehashPolicy, _Traits>::__bucket_type*) const [with _Key = std::pair<std::__cxx11::basic_string<char>, int>; _Value = std::pair<const std::pair<std::__cxx11::basic_string<char>, int>, TfLiteRegistration>; _Alloc = std::allocator<std::pair<const std::pair<std::__cxx11::basic_string<char>, int>, TfLiteRegistration> >; _ExtractKey = std::__detail::_Select1st; _Equal = std::equal_to<std::pair<std::__cxx11::basic_string<char>, int> >; _H1 = tflite::op_resolver_hasher::OperatorKeyHasher<std::pair<std::__cxx11::basic_string<char>, int> >; _H2 = std::__detail::_Mod_range_hashing; _Hash = std::__detail::_Default_ranged_hash; _RehashPolicy = std::__detail::_Prime_rehash_policy; _Traits = std::__detail::_Hashtable_traits<true, false, true>]	16	static
hashtable_policy.h:2142:5:void std::__detail::_Hashtable_alloc<_NodeAlloc>::_M_deallocate_buckets(std::__detail::_Hashtable_alloc<_NodeAlloc>::__node_base**, std::size_t) [with _NodeAlloc = std::allocator<std::__detail::_Hash_node<std::pair<const std::pair<std::__cxx11::basic_string<char>, int>, TfLiteRegistration>, true> >]	32	static
tuple:1314:5:>&) [with unsigned int __i = 0; _Head = tflite::impl::Subgraph*; _Tail = {std::default_delete<tflite::impl::Subgraph>}]	16	static
tuple:195:7:>&) [with unsigned int _Idx = 0; _Head = tflite::impl::Interpreter*; _Tail = {std::default_delete<tflite::impl::Interpreter>}]	16	static
tuple:1309:5:>&) [with unsigned int __i = 1; _Head = std::default_delete<tflite::impl::Interpreter>; _Tail = {}]	16	static
tuple:1314:5:>&) [with unsigned int __i = 0; _Head = tflite::impl::Interpreter*; _Tail = {std::default_delete<tflite::impl::Interpreter>}]	16	static
new_allocator.h:83:7:__gnu_cxx::new_allocator<_Tp>::new_allocator(const __gnu_cxx::new_allocator<_Tp>&) [with _Tp = int]	16	static
new_allocator.h:119:7:void __gnu_cxx::new_allocator<_Tp>::deallocate(__gnu_cxx::new_allocator<_Tp>::pointer, __gnu_cxx::new_allocator<_Tp>::size_type) [with _Tp = int]	24	static
alloc_traits.h:505:7:static std::allocator_traits<std::allocator<_CharT> >::size_type std::allocator_traits<std::allocator<_CharT> >::max_size(const allocator_type&) [with _Tp = int]	16	static
new_allocator.h:102:7:_Tp* __gnu_cxx::new_allocator<_Tp>::allocate(__gnu_cxx::new_allocator<_Tp>::size_type, const void*) [with _Tp = int]	24	static
stl_uninitialized.h:99:9:static _ForwardIterator std::__uninitialized_copy<true>::__uninit_copy(_InputIterator, _InputIterator, _ForwardIterator) [with _InputIterator = const int*; _ForwardIterator = int*]	24	static
hashtable_policy.h:2046:7:std::__detail::_Hashtable_alloc<_NodeAlloc>::__node_alloc_type& std::__detail::_Hashtable_alloc<_NodeAlloc>::_M_node_allocator() [with _NodeAlloc = std::allocator<std::__detail::_Hash_node<std::pair<const std::pair<tflite::BuiltinOperator, int>, TfLiteRegistration>, true> >]	16	static
hashtable_policy.h:236:7:_Value* std::__detail::_Hash_node_value_base<_Value>::_M_valptr() [with _Value = std::pair<const std::pair<tflite::BuiltinOperator, int>, TfLiteRegistration>]	16	static
alloc_traits.h:495:2:static void std::allocator_traits<std::allocator<_CharT> >::destroy(std::allocator_traits<std::allocator<_CharT> >::allocator_type&, _Up*) [with _Up = std::pair<const std::pair<tflite::BuiltinOperator, int>, TfLiteRegistration>; _Tp = std::__detail::_Hash_node<std::pair<const std::pair<tflite::BuiltinOperator, int>, TfLiteRegistration>, true>]	16	static
hashtable_policy.h:2108:5:void std::__detail::_Hashtable_alloc<_NodeAlloc>::_M_deallocate_node_ptr(std::__detail::_Hashtable_alloc<_NodeAlloc>::__node_type*) [with _NodeAlloc = std::allocator<std::__detail::_Hash_node<std::pair<const std::pair<tflite::BuiltinOperator, int>, TfLiteRegistration>, true> >]	24	static
ptr_traits.h:145:7:static _Tp* std::pointer_traits<_Tp*>::pointer_to(std::__make_not_void<_Tp>&) [with _Tp = std::__detail::_Hash_node_base*]	16	static
allocator.h:151:2:std::allocator< <template-parameter-1-1> >::allocator(const std::allocator<_Tp1>&) [with _Tp1 = std::__detail::_Hash_node<std::pair<const std::pair<tflite::BuiltinOperator, int>, TfLiteRegistration>, true>; _Tp = std::__detail::_Hash_node_base*]	16	static
allocator.h:153:7:std::allocator< <template-parameter-1-1> >::~allocator() [with _Tp = std::__detail::_Hash_node_base*]	16	static
alloc_traits.h:469:7:static void std::allocator_traits<std::allocator<_CharT> >::deallocate(std::allocator_traits<std::allocator<_CharT> >::allocator_type&, std::allocator_traits<std::allocator<_CharT> >::pointer, std::allocator_traits<std::allocator<_CharT> >::size_type) [with _Tp = std::__detail::_Hash_node_base*]	24	static
hashtable_policy.h:2046:7:std::__detail::_Hashtable_alloc<_NodeAlloc>::__node_alloc_type& std::__detail::_Hashtable_alloc<_NodeAlloc>::_M_node_allocator() [with _NodeAlloc = std::allocator<std::__detail::_Hash_node<std::pair<const std::pair<std::__cxx11::basic_string<char>, int>, TfLiteRegistration>, true> >]	16	static
hashtable_policy.h:236:7:_Value* std::__detail::_Hash_node_value_base<_Value>::_M_valptr() [with _Value = std::pair<const std::pair<std::__cxx11::basic_string<char>, int>, TfLiteRegistration>]	16	static
alloc_traits.h:495:2:static void std::allocator_traits<std::allocator<_CharT> >::destroy(std::allocator_traits<std::allocator<_CharT> >::allocator_type&, _Up*) [with _Up = std::pair<const std::pair<std::__cxx11::basic_string<char>, int>, TfLiteRegistration>; _Tp = std::__detail::_Hash_node<std::pair<const std::pair<std::__cxx11::basic_string<char>, int>, TfLiteRegistration>, true>]	16	static
hashtable_policy.h:2108:5:void std::__detail::_Hashtable_alloc<_NodeAlloc>::_M_deallocate_node_ptr(std::__detail::_Hashtable_alloc<_NodeAlloc>::__node_type*) [with _NodeAlloc = std::allocator<std::__detail::_Hash_node<std::pair<const std::pair<std::__cxx11::basic_string<char>, int>, TfLiteRegistration>, true> >]	24	static
allocator.h:151:2:std::allocator< <template-parameter-1-1> >::allocator(const std::allocator<_Tp1>&) [with _Tp1 = std::__detail::_Hash_node<std::pair<const std::pair<std::__cxx11::basic_string<char>, int>, TfLiteRegistration>, true>; _Tp = std::__detail::_Hash_node_base*]	16	static
tuple:198:7:>&) [with unsigned int _Idx = 0; _Head = tflite::impl::Subgraph*; _Tail = {std::default_delete<tflite::impl::Subgraph>}]	16	static
tuple:160:7:static constexpr _Head& std::_Head_base<_Idx, _Head, false>::_M_head(std::_Head_base<_Idx, _Head, false>&) [with unsigned int _Idx = 0; _Head = tflite::impl::Interpreter*]	16	static
tuple:334:7:static constexpr _Head& std::_Tuple_impl<_Idx, _Head>::_M_head(std::_Tuple_impl<_Idx, _Head>&) [with unsigned int _Idx = 1; _Head = std::default_delete<tflite::impl::Interpreter>]	16	static
tuple:198:7:>&) [with unsigned int _Idx = 0; _Head = tflite::impl::Interpreter*; _Tail = {std::default_delete<tflite::impl::Interpreter>}]	16	static
new_allocator.h:132:7:__gnu_cxx::new_allocator<_Tp>::size_type __gnu_cxx::new_allocator<_Tp>::max_size() const [with _Tp = int]	16	static
stl_algobase.h:465:5:_OI std::copy(_II, _II, _OI) [with _II = const int*; _OI = int*]	32	static
hashtable_policy.h:1108:7:static _Tp& std::__detail::_Hashtable_ebo_helper<_Nm, _Tp, true>::_S_get(std::__detail::_Hashtable_ebo_helper<_Nm, _Tp, true>&) [with int _Nm = 0; _Tp = std::allocator<std::__detail::_Hash_node<std::pair<const std::pair<tflite::BuiltinOperator, int>, TfLiteRegistration>, true> >]	16	static
aligned_buffer.h:114:7:_Tp* __gnu_cxx::__aligned_buffer<_Tp>::_M_ptr() [with _Tp = std::pair<const std::pair<tflite::BuiltinOperator, int>, TfLiteRegistration>]	16	static
new_allocator.h:151:2:void __gnu_cxx::new_allocator<_Tp>::destroy(_Up*) [with _Up = std::pair<const std::pair<tflite::BuiltinOperator, int>, TfLiteRegistration>; _Tp = std::__detail::_Hash_node<std::pair<const std::pair<tflite::BuiltinOperator, int>, TfLiteRegistration>, true>]	16	static
ptr_traits.h:145:7:static _Tp* std::pointer_traits<_Tp*>::pointer_to(std::__make_not_void<_Tp>&) [with _Tp = std::__detail::_Hash_node<std::pair<const std::pair<tflite::BuiltinOperator, int>, TfLiteRegistration>, true>]	16	static
alloc_traits.h:469:7:static void std::allocator_traits<std::allocator<_CharT> >::deallocate(std::allocator_traits<std::allocator<_CharT> >::allocator_type&, std::allocator_traits<std::allocator<_CharT> >::pointer, std::allocator_traits<std::allocator<_CharT> >::size_type) [with _Tp = std::__detail::_Hash_node<std::pair<const std::pair<tflite::BuiltinOperator, int>, TfLiteRegistration>, true>]	24	static
move.h:138:5:_Tp* std::addressof(_Tp&) [with _Tp = std::__detail::_Hash_node_base*]	16	static
new_allocator.h:80:7:__gnu_cxx::new_allocator<_Tp>::new_allocator() [with _Tp = std::__detail::_Hash_node_base*]	16	static
new_allocator.h:89:7:__gnu_cxx::new_allocator<_Tp>::~new_allocator() [with _Tp = std::__detail::_Hash_node_base*]	16	static
new_allocator.h:119:7:void __gnu_cxx::new_allocator<_Tp>::deallocate(__gnu_cxx::new_allocator<_Tp>::pointer, __gnu_cxx::new_allocator<_Tp>::size_type) [with _Tp = std::__detail::_Hash_node_base*]	24	static
hashtable_policy.h:1108:7:static _Tp& std::__detail::_Hashtable_ebo_helper<_Nm, _Tp, true>::_S_get(std::__detail::_Hashtable_ebo_helper<_Nm, _Tp, true>&) [with int _Nm = 0; _Tp = std::allocator<std::__detail::_Hash_node<std::pair<const std::pair<std::__cxx11::basic_string<char>, int>, TfLiteRegistration>, true> >]	16	static
aligned_buffer.h:114:7:_Tp* __gnu_cxx::__aligned_buffer<_Tp>::_M_ptr() [with _Tp = std::pair<const std::pair<std::__cxx11::basic_string<char>, int>, TfLiteRegistration>]	16	static
stl_pair.h:208:12:std::pair<std::__cxx11::basic_string<char>, int>::~pair()	16	static
stl_pair.h:208:12:std::pair<const std::pair<std::__cxx11::basic_string<char>, int>, TfLiteRegistration>::~pair()	16	static
new_allocator.h:151:2:void __gnu_cxx::new_allocator<_Tp>::destroy(_Up*) [with _Up = std::pair<const std::pair<std::__cxx11::basic_string<char>, int>, TfLiteRegistration>; _Tp = std::__detail::_Hash_node<std::pair<const std::pair<std::__cxx11::basic_string<char>, int>, TfLiteRegistration>, true>]	16	static
ptr_traits.h:145:7:static _Tp* std::pointer_traits<_Tp*>::pointer_to(std::__make_not_void<_Tp>&) [with _Tp = std::__detail::_Hash_node<std::pair<const std::pair<std::__cxx11::basic_string<char>, int>, TfLiteRegistration>, true>]	16	static
alloc_traits.h:469:7:static void std::allocator_traits<std::allocator<_CharT> >::deallocate(std::allocator_traits<std::allocator<_CharT> >::allocator_type&, std::allocator_traits<std::allocator<_CharT> >::pointer, std::allocator_traits<std::allocator<_CharT> >::size_type) [with _Tp = std::__detail::_Hash_node<std::pair<const std::pair<std::__cxx11::basic_string<char>, int>, TfLiteRegistration>, true>]	24	static
tuple:163:7:static constexpr const _Head& std::_Head_base<_Idx, _Head, false>::_M_head(const std::_Head_base<_Idx, _Head, false>&) [with unsigned int _Idx = 0; _Head = tflite::impl::Subgraph*]	16	static
tuple:113:7:static constexpr _Head& std::_Head_base<_Idx, _Head, true>::_M_head(std::_Head_base<_Idx, _Head, true>&) [with unsigned int _Idx = 1; _Head = std::default_delete<tflite::impl::Interpreter>]	16	static
tuple:163:7:static constexpr const _Head& std::_Head_base<_Idx, _Head, false>::_M_head(const std::_Head_base<_Idx, _Head, false>&) [with unsigned int _Idx = 0; _Head = tflite::impl::Interpreter*]	16	static
cpp_type_traits.h:428:5:_Iterator std::__miter_base(_Iterator) [with _Iterator = const int*]	16	static
stl_algobase.h:438:5:_OI std::__copy_move_a2(_II, _II, _OI) [with bool _IsMove = false; _II = const int*; _OI = int*]	32	static
aligned_buffer.h:102:7:void* __gnu_cxx::__aligned_buffer<_Tp>::_M_addr() [with _Tp = std::pair<const std::pair<tflite::BuiltinOperator, int>, TfLiteRegistration>]	16	static
move.h:138:5:_Tp* std::addressof(_Tp&) [with _Tp = std::__detail::_Hash_node<std::pair<const std::pair<tflite::BuiltinOperator, int>, TfLiteRegistration>, true>]	16	static
new_allocator.h:119:7:void __gnu_cxx::new_allocator<_Tp>::deallocate(__gnu_cxx::new_allocator<_Tp>::pointer, __gnu_cxx::new_allocator<_Tp>::size_type) [with _Tp = std::__detail::_Hash_node<std::pair<const std::pair<tflite::BuiltinOperator, int>, TfLiteRegistration>, true>]	24	static
move.h:47:5:constexpr _Tp* std::__addressof(_Tp&) [with _Tp = std::__detail::_Hash_node_base*]	16	static
aligned_buffer.h:102:7:void* __gnu_cxx::__aligned_buffer<_Tp>::_M_addr() [with _Tp = std::pair<const std::pair<std::__cxx11::basic_string<char>, int>, TfLiteRegistration>]	16	static
move.h:138:5:_Tp* std::addressof(_Tp&) [with _Tp = std::__detail::_Hash_node<std::pair<const std::pair<std::__cxx11::basic_string<char>, int>, TfLiteRegistration>, true>]	16	static
new_allocator.h:119:7:void __gnu_cxx::new_allocator<_Tp>::deallocate(__gnu_cxx::new_allocator<_Tp>::pointer, __gnu_cxx::new_allocator<_Tp>::size_type) [with _Tp = std::__detail::_Hash_node<std::pair<const std::pair<std::__cxx11::basic_string<char>, int>, TfLiteRegistration>, true>]	24	static
stl_algobase.h:280:5:_Iterator std::__niter_base(_Iterator) [with _Iterator = const int*]	16	static
stl_algobase.h:280:5:_Iterator std::__niter_base(_Iterator) [with _Iterator = int*]	16	static
stl_algobase.h:393:5:_OI std::__copy_move_a(_II, _II, _OI) [with bool _IsMove = false; _II = const int*; _OI = int*]	32	static
stl_algobase.h:295:5:_Iterator std::__niter_wrap(const _Iterator&, _Iterator) [with _Iterator = int*]	16	static
move.h:47:5:constexpr _Tp* std::__addressof(_Tp&) [with _Tp = std::__detail::_Hash_node<std::pair<const std::pair<tflite::BuiltinOperator, int>, TfLiteRegistration>, true>]	16	static
move.h:47:5:constexpr _Tp* std::__addressof(_Tp&) [with _Tp = std::__detail::_Hash_node<std::pair<const std::pair<std::__cxx11::basic_string<char>, int>, TfLiteRegistration>, true>]	16	static
stl_algobase.h:375:2:static _Tp* std::__copy_move<_IsMove, true, std::random_access_iterator_tag>::__copy_m(const _Tp*, const _Tp*, _Tp*) [with _Tp = int; bool _IsMove = false]	32	static
image_resize_bilinear_model.cpp:98:1:void __static_initialization_and_destruction_0(int, int)	16	static
mutable_op_resolver.h:57:7:tflite::MutableOpResolver::~MutableOpResolver()	16	static
mutable_op_resolver.h:57:7:virtual tflite::MutableOpResolver::~MutableOpResolver()	16	static
image_resize_bilinear_model.cpp:98:1:cpp)	8	static
