startup_mimxrt1062.cpp:622:6:void data_init(unsigned int, unsigned int, unsigned int)	4	static
startup_mimxrt1062.cpp:631:6:void bss_init(unsigned int, unsigned int)	0	static
startup_mimxrt1062.cpp:656:6:void ResetISR()	8	static
startup_mimxrt1062.cpp:750:14:void NMI_Handler()	0	static
startup_mimxrt1062.cpp:754:14:void HardFault_Handler()	0	static
startup_mimxrt1062.cpp:758:14:void MemManage_Handler()	0	static
startup_mimxrt1062.cpp:762:14:void BusFault_Handler()	0	static
startup_mimxrt1062.cpp:766:14:void UsageFault_Handler()	0	static
startup_mimxrt1062.cpp:770:14:void SVC_Handler()	0	static
startup_mimxrt1062.cpp:774:14:void DebugMon_Handler()	0	static
startup_mimxrt1062.cpp:778:14:void PendSV_Handler()	0	static
startup_mimxrt1062.cpp:782:14:void SysTick_Handler()	0	static
startup_mimxrt1062.cpp:790:14:void IntDefaultHandler()	0	static
startup_mimxrt1062.cpp:800:11:void DMA0_DMA16_IRQHandler()	8	static
startup_mimxrt1062.cpp:804:11:void DMA1_DMA17_IRQHandler()	8	static
startup_mimxrt1062.cpp:808:11:void DMA2_DMA18_IRQHandler()	8	static
startup_mimxrt1062.cpp:812:11:void DMA3_DMA19_IRQHandler()	8	static
startup_mimxrt1062.cpp:816:11:void DMA4_DMA20_IRQHandler()	8	static
startup_mimxrt1062.cpp:820:11:void DMA5_DMA21_IRQHandler()	8	static
startup_mimxrt1062.cpp:824:11:void DMA6_DMA22_IRQHandler()	8	static
startup_mimxrt1062.cpp:828:11:void DMA7_DMA23_IRQHandler()	8	static
startup_mimxrt1062.cpp:832:11:void DMA8_DMA24_IRQHandler()	8	static
startup_mimxrt1062.cpp:836:11:void DMA9_DMA25_IRQHandler()	8	static
startup_mimxrt1062.cpp:840:11:void DMA10_DMA26_IRQHandler()	8	static
startup_mimxrt1062.cpp:844:11:void DMA11_DMA27_IRQHandler()	8	static
startup_mimxrt1062.cpp:848:11:void DMA12_DMA28_IRQHandler()	8	static
startup_mimxrt1062.cpp:852:11:void DMA13_DMA29_IRQHandler()	8	static
startup_mimxrt1062.cpp:856:11:void DMA14_DMA30_IRQHandler()	8	static
startup_mimxrt1062.cpp:860:11:void DMA15_DMA31_IRQHandler()	8	static
startup_mimxrt1062.cpp:864:11:void DMA_ERROR_IRQHandler()	8	static
startup_mimxrt1062.cpp:868:11:void CTI0_ERROR_IRQHandler()	8	static
startup_mimxrt1062.cpp:872:11:void CTI1_ERROR_IRQHandler()	8	static
startup_mimxrt1062.cpp:876:11:void CORE_IRQHandler()	8	static
startup_mimxrt1062.cpp:880:11:void LPUART1_IRQHandler()	8	static
startup_mimxrt1062.cpp:884:11:void LPUART2_IRQHandler()	8	static
startup_mimxrt1062.cpp:888:11:void LPUART3_IRQHandler()	8	static
startup_mimxrt1062.cpp:892:11:void LPUART4_IRQHandler()	8	static
startup_mimxrt1062.cpp:896:11:void LPUART5_IRQHandler()	8	static
startup_mimxrt1062.cpp:900:11:void LPUART6_IRQHandler()	8	static
startup_mimxrt1062.cpp:904:11:void LPUART7_IRQHandler()	8	static
startup_mimxrt1062.cpp:908:11:void LPUART8_IRQHandler()	8	static
startup_mimxrt1062.cpp:912:11:void LPI2C1_IRQHandler()	8	static
startup_mimxrt1062.cpp:916:11:void LPI2C2_IRQHandler()	8	static
startup_mimxrt1062.cpp:920:11:void LPI2C3_IRQHandler()	8	static
startup_mimxrt1062.cpp:924:11:void LPI2C4_IRQHandler()	8	static
startup_mimxrt1062.cpp:928:11:void LPSPI1_IRQHandler()	8	static
startup_mimxrt1062.cpp:932:11:void LPSPI2_IRQHandler()	8	static
startup_mimxrt1062.cpp:936:11:void LPSPI3_IRQHandler()	8	static
startup_mimxrt1062.cpp:940:11:void LPSPI4_IRQHandler()	8	static
startup_mimxrt1062.cpp:944:11:void CAN1_IRQHandler()	8	static
startup_mimxrt1062.cpp:948:11:void CAN2_IRQHandler()	8	static
startup_mimxrt1062.cpp:952:11:void FLEXRAM_IRQHandler()	8	static
startup_mimxrt1062.cpp:956:11:void KPP_IRQHandler()	8	static
startup_mimxrt1062.cpp:960:11:void TSC_DIG_IRQHandler()	8	static
startup_mimxrt1062.cpp:964:11:void GPR_IRQ_IRQHandler()	8	static
startup_mimxrt1062.cpp:968:11:void LCDIF_IRQHandler()	8	static
startup_mimxrt1062.cpp:972:11:void CSI_IRQHandler()	8	static
startup_mimxrt1062.cpp:976:11:void PXP_IRQHandler()	8	static
startup_mimxrt1062.cpp:980:11:void WDOG2_IRQHandler()	8	static
startup_mimxrt1062.cpp:984:11:void SNVS_HP_WRAPPER_IRQHandler()	8	static
startup_mimxrt1062.cpp:988:11:void SNVS_HP_WRAPPER_TZ_IRQHandler()	8	static
startup_mimxrt1062.cpp:992:11:void SNVS_LP_WRAPPER_IRQHandler()	8	static
startup_mimxrt1062.cpp:996:11:void CSU_IRQHandler()	8	static
startup_mimxrt1062.cpp:1000:11:void DCP_IRQHandler()	8	static
startup_mimxrt1062.cpp:1004:11:void DCP_VMI_IRQHandler()	8	static
startup_mimxrt1062.cpp:1008:11:void Reserved68_IRQHandler()	8	static
startup_mimxrt1062.cpp:1012:11:void TRNG_IRQHandler()	8	static
startup_mimxrt1062.cpp:1016:11:void SJC_IRQHandler()	8	static
startup_mimxrt1062.cpp:1020:11:void BEE_IRQHandler()	8	static
startup_mimxrt1062.cpp:1024:11:void SAI1_IRQHandler()	8	static
startup_mimxrt1062.cpp:1028:11:void SAI2_IRQHandler()	8	static
startup_mimxrt1062.cpp:1032:11:void SAI3_RX_IRQHandler()	8	static
startup_mimxrt1062.cpp:1036:11:void SAI3_TX_IRQHandler()	8	static
startup_mimxrt1062.cpp:1040:11:void SPDIF_IRQHandler()	8	static
startup_mimxrt1062.cpp:1044:11:void PMU_EVENT_IRQHandler()	8	static
startup_mimxrt1062.cpp:1048:11:void Reserved78_IRQHandler()	8	static
startup_mimxrt1062.cpp:1052:11:void TEMP_LOW_HIGH_IRQHandler()	8	static
startup_mimxrt1062.cpp:1056:11:void TEMP_PANIC_IRQHandler()	8	static
startup_mimxrt1062.cpp:1060:11:void USB_PHY1_IRQHandler()	8	static
startup_mimxrt1062.cpp:1064:11:void USB_PHY2_IRQHandler()	8	static
startup_mimxrt1062.cpp:1068:11:void ADC1_IRQHandler()	8	static
startup_mimxrt1062.cpp:1072:11:void ADC2_IRQHandler()	8	static
startup_mimxrt1062.cpp:1076:11:void DCDC_IRQHandler()	8	static
startup_mimxrt1062.cpp:1080:11:void Reserved86_IRQHandler()	8	static
startup_mimxrt1062.cpp:1084:11:void Reserved87_IRQHandler()	8	static
startup_mimxrt1062.cpp:1088:11:void GPIO1_INT0_IRQHandler()	8	static
startup_mimxrt1062.cpp:1092:11:void GPIO1_INT1_IRQHandler()	8	static
startup_mimxrt1062.cpp:1096:11:void GPIO1_INT2_IRQHandler()	8	static
startup_mimxrt1062.cpp:1100:11:void GPIO1_INT3_IRQHandler()	8	static
startup_mimxrt1062.cpp:1104:11:void GPIO1_INT4_IRQHandler()	8	static
startup_mimxrt1062.cpp:1108:11:void GPIO1_INT5_IRQHandler()	8	static
startup_mimxrt1062.cpp:1112:11:void GPIO1_INT6_IRQHandler()	8	static
startup_mimxrt1062.cpp:1116:11:void GPIO1_INT7_IRQHandler()	8	static
startup_mimxrt1062.cpp:1120:11:void GPIO1_Combined_0_15_IRQHandler()	8	static
startup_mimxrt1062.cpp:1124:11:void GPIO1_Combined_16_31_IRQHandler()	8	static
startup_mimxrt1062.cpp:1128:11:void GPIO2_Combined_0_15_IRQHandler()	8	static
startup_mimxrt1062.cpp:1132:11:void GPIO2_Combined_16_31_IRQHandler()	8	static
startup_mimxrt1062.cpp:1136:11:void GPIO3_Combined_0_15_IRQHandler()	8	static
startup_mimxrt1062.cpp:1140:11:void GPIO3_Combined_16_31_IRQHandler()	8	static
startup_mimxrt1062.cpp:1144:11:void GPIO4_Combined_0_15_IRQHandler()	8	static
startup_mimxrt1062.cpp:1148:11:void GPIO4_Combined_16_31_IRQHandler()	8	static
startup_mimxrt1062.cpp:1152:11:void GPIO5_Combined_0_15_IRQHandler()	8	static
startup_mimxrt1062.cpp:1156:11:void GPIO5_Combined_16_31_IRQHandler()	8	static
startup_mimxrt1062.cpp:1160:11:void FLEXIO1_IRQHandler()	8	static
startup_mimxrt1062.cpp:1164:11:void FLEXIO2_IRQHandler()	8	static
startup_mimxrt1062.cpp:1168:11:void WDOG1_IRQHandler()	8	static
startup_mimxrt1062.cpp:1172:11:void RTWDOG_IRQHandler()	8	static
startup_mimxrt1062.cpp:1176:11:void EWM_IRQHandler()	8	static
startup_mimxrt1062.cpp:1180:11:void CCM_1_IRQHandler()	8	static
startup_mimxrt1062.cpp:1184:11:void CCM_2_IRQHandler()	8	static
startup_mimxrt1062.cpp:1188:11:void GPC_IRQHandler()	8	static
startup_mimxrt1062.cpp:1192:11:void SRC_IRQHandler()	8	static
startup_mimxrt1062.cpp:1196:11:void Reserved115_IRQHandler()	8	static
startup_mimxrt1062.cpp:1200:11:void GPT1_IRQHandler()	8	static
startup_mimxrt1062.cpp:1204:11:void GPT2_IRQHandler()	8	static
startup_mimxrt1062.cpp:1208:11:void PWM1_0_IRQHandler()	8	static
startup_mimxrt1062.cpp:1212:11:void PWM1_1_IRQHandler()	8	static
startup_mimxrt1062.cpp:1216:11:void PWM1_2_IRQHandler()	8	static
startup_mimxrt1062.cpp:1220:11:void PWM1_3_IRQHandler()	8	static
startup_mimxrt1062.cpp:1224:11:void PWM1_FAULT_IRQHandler()	8	static
startup_mimxrt1062.cpp:1228:11:void FLEXSPI2_IRQHandler()	8	static
startup_mimxrt1062.cpp:1232:11:void FLEXSPI_IRQHandler()	8	static
startup_mimxrt1062.cpp:1236:11:void SEMC_IRQHandler()	8	static
startup_mimxrt1062.cpp:1240:11:void USDHC1_IRQHandler()	8	static
startup_mimxrt1062.cpp:1244:11:void USDHC2_IRQHandler()	8	static
startup_mimxrt1062.cpp:1248:11:void USB_OTG2_IRQHandler()	8	static
startup_mimxrt1062.cpp:1252:11:void USB_OTG1_IRQHandler()	8	static
startup_mimxrt1062.cpp:1256:11:void ENET_IRQHandler()	8	static
startup_mimxrt1062.cpp:1260:11:void ENET_1588_Timer_IRQHandler()	8	static
startup_mimxrt1062.cpp:1264:11:void XBAR1_IRQ_0_1_IRQHandler()	8	static
startup_mimxrt1062.cpp:1268:11:void XBAR1_IRQ_2_3_IRQHandler()	8	static
startup_mimxrt1062.cpp:1272:11:void ADC_ETC_IRQ0_IRQHandler()	8	static
startup_mimxrt1062.cpp:1276:11:void ADC_ETC_IRQ1_IRQHandler()	8	static
startup_mimxrt1062.cpp:1280:11:void ADC_ETC_IRQ2_IRQHandler()	8	static
startup_mimxrt1062.cpp:1284:11:void ADC_ETC_ERROR_IRQ_IRQHandler()	8	static
startup_mimxrt1062.cpp:1288:11:void PIT_IRQHandler()	8	static
startup_mimxrt1062.cpp:1292:11:void ACMP1_IRQHandler()	8	static
startup_mimxrt1062.cpp:1296:11:void ACMP2_IRQHandler()	8	static
startup_mimxrt1062.cpp:1300:11:void ACMP3_IRQHandler()	8	static
startup_mimxrt1062.cpp:1304:11:void ACMP4_IRQHandler()	8	static
startup_mimxrt1062.cpp:1308:11:void Reserved143_IRQHandler()	8	static
startup_mimxrt1062.cpp:1312:11:void Reserved144_IRQHandler()	8	static
startup_mimxrt1062.cpp:1316:11:void ENC1_IRQHandler()	8	static
startup_mimxrt1062.cpp:1320:11:void ENC2_IRQHandler()	8	static
startup_mimxrt1062.cpp:1324:11:void ENC3_IRQHandler()	8	static
startup_mimxrt1062.cpp:1328:11:void ENC4_IRQHandler()	8	static
startup_mimxrt1062.cpp:1332:11:void TMR1_IRQHandler()	8	static
startup_mimxrt1062.cpp:1336:11:void TMR2_IRQHandler()	8	static
startup_mimxrt1062.cpp:1340:11:void TMR3_IRQHandler()	8	static
startup_mimxrt1062.cpp:1344:11:void TMR4_IRQHandler()	8	static
startup_mimxrt1062.cpp:1348:11:void PWM2_0_IRQHandler()	8	static
startup_mimxrt1062.cpp:1352:11:void PWM2_1_IRQHandler()	8	static
startup_mimxrt1062.cpp:1356:11:void PWM2_2_IRQHandler()	8	static
startup_mimxrt1062.cpp:1360:11:void PWM2_3_IRQHandler()	8	static
startup_mimxrt1062.cpp:1364:11:void PWM2_FAULT_IRQHandler()	8	static
startup_mimxrt1062.cpp:1368:11:void PWM3_0_IRQHandler()	8	static
startup_mimxrt1062.cpp:1372:11:void PWM3_1_IRQHandler()	8	static
startup_mimxrt1062.cpp:1376:11:void PWM3_2_IRQHandler()	8	static
startup_mimxrt1062.cpp:1380:11:void PWM3_3_IRQHandler()	8	static
startup_mimxrt1062.cpp:1384:11:void PWM3_FAULT_IRQHandler()	8	static
startup_mimxrt1062.cpp:1388:11:void PWM4_0_IRQHandler()	8	static
startup_mimxrt1062.cpp:1392:11:void PWM4_1_IRQHandler()	8	static
startup_mimxrt1062.cpp:1396:11:void PWM4_2_IRQHandler()	8	static
startup_mimxrt1062.cpp:1400:11:void PWM4_3_IRQHandler()	8	static
startup_mimxrt1062.cpp:1404:11:void PWM4_FAULT_IRQHandler()	8	static
startup_mimxrt1062.cpp:1408:11:void ENET2_IRQHandler()	8	static
startup_mimxrt1062.cpp:1412:11:void ENET2_1588_Timer_IRQHandler()	8	static
startup_mimxrt1062.cpp:1416:11:void CAN3_IRQHandler()	8	static
startup_mimxrt1062.cpp:1420:11:void Reserved171_IRQHandler()	8	static
startup_mimxrt1062.cpp:1424:11:void FLEXIO3_IRQHandler()	8	static
startup_mimxrt1062.cpp:1428:11:void GPIO6_7_8_9_IRQHandler()	8	static
